// Jest Snapshot v1, https://goo.gl/fbAQLP

exports[`Crossword test should show a crossword when fetching is done 1`] = `
<div>
  <div>
    <div
      class="crossword"
    >
      <h3>
        Tema Covers
      </h3>
      <div
        class="crossword-container"
      >
        <div
          class="crossword-board"
        >
          <svg
            class="crossword__grid"
            fill="#222222"
            viewBox="0 0 100 100"
          >
            <rect
              class="crossword__grid-background"
              height="100"
              width="100"
              x="0"
              y="0"
            />
          </svg>
        </div>
      </div>
      <button
        class=""
        type="submit"
      >
        Reset
      </button>
    </div>
  </div>
</div>
`;

exports[`Crossword test should show a loading message and spinner when fetching the crossword 1`] = `
<div>
  <div>
    <div
      class="crossword"
    >
      <h3>
        Loading crossword
      </h3>
      <svg
        class="loadingindicator__wrapper"
        height="360"
        version="1.1"
        viewBox="0 0 360 360"
        width="360"
        xmlns="http://www.w3.org/2000/svg"
      >
        <g
          transform="translate(0)"
        >
          <rect
            id="background"
            x="0"
            y="0"
          />
          <rect
            class="square"
            id="rect-11"
            x="8"
            y="8"
          />
          <rect
            class="square"
            id="rect-12"
            x="96"
            y="8"
          />
          <rect
            class="square"
            id="rect-13"
            x="184"
            y="8"
          />
          <rect
            class="square"
            id="rect-14"
            x="272"
            y="8"
          />
          <rect
            class="square"
            id="rect-21"
            x="8"
            y="96"
          />
          <rect
            class="square"
            id="rect-22"
            x="96"
            y="96"
          />
          <rect
            class="square square__inverse"
            id="rect-23"
            x="184"
            y="96"
          />
          <rect
            class="square"
            id="rect-24"
            x="272"
            y="96"
          />
          <rect
            class="square"
            id="rect-31"
            x="8"
            y="184"
          />
          <rect
            class="square square__inverse"
            id="rect-32"
            x="96"
            y="184"
          />
          <rect
            class="square"
            id="rect-33"
            x="184"
            y="184"
          />
          <rect
            class="square"
            id="rect-34"
            x="272"
            y="184"
          />
          <rect
            class="square"
            id="rect-41"
            x="8"
            y="272"
          />
          <rect
            class="square"
            id="rect-42"
            x="96"
            y="272"
          />
          <rect
            class="square square__inverse"
            id="rect-43"
            x="184"
            y="272"
          />
          <rect
            class="square"
            id="rect-44"
            x="272"
            y="272"
          />
        </g>
      </svg>
    </div>
  </div>
</div>
`;
