// Jest Snapshot v1, https://goo.gl/fbAQLP

exports[`Cells test should not render cells 1`] = `
<div>
  <svg>
    <g
      data-testid="cell"
    >
      <rect
        class="crossword__cell  "
        height="31"
        width="31"
        x="1"
        y="1"
      />
      <text
        class="crossword__cell-number"
        x="2"
        y="10"
      >
        2
      </text>
      <text
        class="crossword__cell-text"
        text-anchor="middle"
        x="15.5"
        y="25"
      />
    </g>
    <g
      data-testid="cell"
    >
      <rect
        class="crossword__cell  "
        height="31"
        width="31"
        x="1"
        y="33"
      />
      <text
        class="crossword__cell-text"
        text-anchor="middle"
        x="15.5"
        y="57"
      >
        q
      </text>
    </g>
  </svg>
</div>
`;

exports[`Cells test should not render if there are no cells 1`] = `
<div>
  <svg />
</div>
`;
