// Jest Snapshot v1, https://goo.gl/fbAQLP

exports[`CellInput test should not render if not show is true 1`] = `
<div>
  <div />
</div>
`;

exports[`CellInput test should render an input 1`] = `
<div>
  <div>
    <div
      class="crossword__hidden-input-wrapper"
    >
      <input
        aria-label="letter"
        autocomplete="off"
        autocorrect="off"
        class="crossword__hidden-input"
        maxlength="1"
        spellcheck="false"
        type="text"
        value=""
      />
    </div>
  </div>
</div>
`;
